21:19:50 **** Incremental Build of configuration Debug for project main_module_48bit_V3 ****
make -j8 all 
arm-none-eabi-gcc "../Core/Src/main.c" -mcpu=cortex-m7 -std=gnu11 -g3 -DDEBUG -DUSE_HAL_DRIVER -DSTM32H743xx -c -I../FATFS/Target -I../FATFS/App -I../Core/Inc -I../Drivers/STM32H7xx_HAL_Driver/Inc -I../Drivers/STM32H7xx_HAL_Driver/Inc/Legacy -I../Middlewares/Third_Party/FatFs/src -I../Drivers/CMSIS/Device/ST/STM32H7xx/Include -I../Drivers/CMSIS/Include -Ofast -ffunction-sections -fdata-sections -Wall -fstack-usage -MMD -MP -MF"Core/Src/main.d" -MT"Core/Src/main.o" --specs=nano.specs -mfpu=fpv5-d16 -mfloat-abi=hard -mthumb -o "Core/Src/main.o"
arm-none-eabi-gcc -o "main_module_48bit_V3.elf" @"objects.list"   -mcpu=cortex-m7 -T"C:\Users\kc\Desktop\nia-stm32-worksapce\main_module_48bit_V3\STM32H743ZGTX_FLASH.ld" --specs=nosys.specs -Wl,-Map="main_module_48bit_V3.map" -Wl,--gc-sections -static --specs=nano.specs -mfpu=fpv5-d16 -mfloat-abi=hard -mthumb -Wl,--start-group -lc -lm -Wl,--end-group
Finished building target: main_module_48bit_V3.elf
 
arm-none-eabi-size   main_module_48bit_V3.elf 
arm-none-eabi-objdump -h -S  main_module_48bit_V3.elf  > "main_module_48bit_V3.list"
arm-none-eabi-objcopy  -O binary  main_module_48bit_V3.elf  "main_module_48bit_V3.bin"
   text	   data	    bss	    dec	    hex	filename
  44416	  12930	  15016	  72362	  11aaa	main_module_48bit_V3.elf
Finished building: default.size.stdout
 
Finished building: main_module_48bit_V3.list
 
Finished building: main_module_48bit_V3.bin
 
21:19:58 **** Incremental Build of configuration Debug for project main_module_48bit_V3 ****
make -j8 all 
arm-none-eabi-size   main_module_48bit_V3.elf 
   text	   data	    bss	    dec	    hex	filename
  44416	  12930	  15016	  72362	  11aaa	main_module_48bit_V3.elf
Finished building: default.size.stdout
 
21:23:01 **** Incremental Build of configuration Debug for project main_module_48bit_V3 ****
make -j8 all 
arm-none-eabi-size   main_module_48bit_V3.elf 
   text	   data	    bss	    dec	    hex	filename
  44416	  12930	  15016	  72362	  11aaa	main_module_48bit_V3.elf
Finished building: default.size.stdout
 
21:29:52 **** Incremental Build of configuration Debug for project main_module_48bit_V3 ****
make -j8 all 
arm-none-eabi-gcc "../Core/Src/main.c" -mcpu=cortex-m7 -std=gnu11 -g3 -DDEBUG -DUSE_HAL_DRIVER -DSTM32H743xx -c -I../FATFS/Target -I../FATFS/App -I../Core/Inc -I../Drivers/STM32H7xx_HAL_Driver/Inc -I../Drivers/STM32H7xx_HAL_Driver/Inc/Legacy -I../Middlewares/Third_Party/FatFs/src -I../Drivers/CMSIS/Device/ST/STM32H7xx/Include -I../Drivers/CMSIS/Include -Ofast -ffunction-sections -fdata-sections -Wall -fstack-usage -MMD -MP -MF"Core/Src/main.d" -MT"Core/Src/main.o" --specs=nano.specs -mfpu=fpv5-d16 -mfloat-abi=hard -mthumb -o "Core/Src/main.o"
arm-none-eabi-gcc -o "main_module_48bit_V3.elf" @"objects.list"   -mcpu=cortex-m7 -T"C:\Users\kc\Desktop\nia-stm32-worksapce\main_module_48bit_V3\STM32H743ZGTX_FLASH.ld" --specs=nosys.specs -Wl,-Map="main_module_48bit_V3.map" -Wl,--gc-sections -static --specs=nano.specs -mfpu=fpv5-d16 -mfloat-abi=hard -mthumb -Wl,--start-group -lc -lm -Wl,--end-group
Finished building target: main_module_48bit_V3.elf
 
arm-none-eabi-size   main_module_48bit_V3.elf 
arm-none-eabi-objdump -h -S  main_module_48bit_V3.elf  > "main_module_48bit_V3.list"
arm-none-eabi-objcopy  -O binary  main_module_48bit_V3.elf  "main_module_48bit_V3.bin"
   text	   data	    bss	    dec	    hex	filename
  44428	  12930	  15016	  72374	  11ab6	main_module_48bit_V3.elf
Finished building: default.size.stdout
 
Finished building: main_module_48bit_V3.list
 
Finished building: main_module_48bit_V3.bin
 
21:33:20 **** Incremental Build of configuration Debug for project main_module_48bit_V3 ****
make -j8 all 
arm-none-eabi-gcc "../Core/Src/main.c" -mcpu=cortex-m7 -std=gnu11 -g3 -DDEBUG -DUSE_HAL_DRIVER -DSTM32H743xx -c -I../FATFS/Target -I../FATFS/App -I../Core/Inc -I../Drivers/STM32H7xx_HAL_Driver/Inc -I../Drivers/STM32H7xx_HAL_Driver/Inc/Legacy -I../Middlewares/Third_Party/FatFs/src -I../Drivers/CMSIS/Device/ST/STM32H7xx/Include -I../Drivers/CMSIS/Include -Ofast -ffunction-sections -fdata-sections -Wall -fstack-usage -MMD -MP -MF"Core/Src/main.d" -MT"Core/Src/main.o" --specs=nano.specs -mfpu=fpv5-d16 -mfloat-abi=hard -mthumb -o "Core/Src/main.o"
arm-none-eabi-gcc -o "main_module_48bit_V3.elf" @"objects.list"   -mcpu=cortex-m7 -T"C:\Users\kc\Desktop\nia-stm32-worksapce\main_module_48bit_V3\STM32H743ZGTX_FLASH.ld" --specs=nosys.specs -Wl,-Map="main_module_48bit_V3.map" -Wl,--gc-sections -static --specs=nano.specs -mfpu=fpv5-d16 -mfloat-abi=hard -mthumb -Wl,--start-group -lc -lm -Wl,--end-group
Finished building target: main_module_48bit_V3.elf
 
arm-none-eabi-size   main_module_48bit_V3.elf 
arm-none-eabi-objdump -h -S  main_module_48bit_V3.elf  > "main_module_48bit_V3.list"
arm-none-eabi-objcopy  -O binary  main_module_48bit_V3.elf  "main_module_48bit_V3.bin"
   text	   data	    bss	    dec	    hex	filename
  44432	  12930	  15016	  72378	  11aba	main_module_48bit_V3.elf
Finished building: default.size.stdout
 
Finished building: main_module_48bit_V3.list
 
Finished building: main_module_48bit_V3.bin
 
21:35:08 **** Incremental Build of configuration Debug for project main_module_48bit_V3 ****
make -j8 all 
arm-none-eabi-gcc "../Core/Src/main.c" -mcpu=cortex-m7 -std=gnu11 -g3 -DDEBUG -DUSE_HAL_DRIVER -DSTM32H743xx -c -I../FATFS/Target -I../FATFS/App -I../Core/Inc -I../Drivers/STM32H7xx_HAL_Driver/Inc -I../Drivers/STM32H7xx_HAL_Driver/Inc/Legacy -I../Middlewares/Third_Party/FatFs/src -I../Drivers/CMSIS/Device/ST/STM32H7xx/Include -I../Drivers/CMSIS/Include -Ofast -ffunction-sections -fdata-sections -Wall -fstack-usage -MMD -MP -MF"Core/Src/main.d" -MT"Core/Src/main.o" --specs=nano.specs -mfpu=fpv5-d16 -mfloat-abi=hard -mthumb -o "Core/Src/main.o"
arm-none-eabi-gcc -o "main_module_48bit_V3.elf" @"objects.list"   -mcpu=cortex-m7 -T"C:\Users\kc\Desktop\nia-stm32-worksapce\main_module_48bit_V3\STM32H743ZGTX_FLASH.ld" --specs=nosys.specs -Wl,-Map="main_module_48bit_V3.map" -Wl,--gc-sections -static --specs=nano.specs -mfpu=fpv5-d16 -mfloat-abi=hard -mthumb -Wl,--start-group -lc -lm -Wl,--end-group
Finished building target: main_module_48bit_V3.elf
 
arm-none-eabi-size   main_module_48bit_V3.elf 
arm-none-eabi-objdump -h -S  main_module_48bit_V3.elf  > "main_module_48bit_V3.list"
arm-none-eabi-objcopy  -O binary  main_module_48bit_V3.elf  "main_module_48bit_V3.bin"
   text	   data	    bss	    dec	    hex	filename
  44420	  12930	  15016	  72366	  11aae	main_module_48bit_V3.elf
Finished building: default.size.stdout
 
Finished building: main_module_48bit_V3.list
 
Finished building: main_module_48bit_V3.bin
 
21:35:24 **** Incremental Build of configuration Debug for project main_module_48bit_V3 ****
make -j8 all 
arm-none-eabi-size   main_module_48bit_V3.elf 
   text	   data	    bss	    dec	    hex	filename
  44420	  12930	  15016	  72366	  11aae	main_module_48bit_V3.elf
Finished building: default.size.stdout
 
21:36:42 **** Incremental Build of configuration Debug for project main_module_48bit_V3 ****
make -j8 all 
arm-none-eabi-gcc "../Core/Src/main.c" -mcpu=cortex-m7 -std=gnu11 -g3 -DDEBUG -DUSE_HAL_DRIVER -DSTM32H743xx -c -I../FATFS/Target -I../FATFS/App -I../Core/Inc -I../Drivers/STM32H7xx_HAL_Driver/Inc -I../Drivers/STM32H7xx_HAL_Driver/Inc/Legacy -I../Middlewares/Third_Party/FatFs/src -I../Drivers/CMSIS/Device/ST/STM32H7xx/Include -I../Drivers/CMSIS/Include -Ofast -ffunction-sections -fdata-sections -Wall -fstack-usage -MMD -MP -MF"Core/Src/main.d" -MT"Core/Src/main.o" --specs=nano.specs -mfpu=fpv5-d16 -mfloat-abi=hard -mthumb -o "Core/Src/main.o"
arm-none-eabi-gcc -o "main_module_48bit_V3.elf" @"objects.list"   -mcpu=cortex-m7 -T"C:\Users\kc\Desktop\nia-stm32-worksapce\main_module_48bit_V3\STM32H743ZGTX_FLASH.ld" --specs=nosys.specs -Wl,-Map="main_module_48bit_V3.map" -Wl,--gc-sections -static --specs=nano.specs -mfpu=fpv5-d16 -mfloat-abi=hard -mthumb -Wl,--start-group -lc -lm -Wl,--end-group
Finished building target: main_module_48bit_V3.elf
 
arm-none-eabi-size   main_module_48bit_V3.elf 
arm-none-eabi-objdump -h -S  main_module_48bit_V3.elf  > "main_module_48bit_V3.list"
arm-none-eabi-objcopy  -O binary  main_module_48bit_V3.elf  "main_module_48bit_V3.bin"
   text	   data	    bss	    dec	    hex	filename
  44416	  12930	  15016	  72362	  11aaa	main_module_48bit_V3.elf
Finished building: default.size.stdout
 
Finished building: main_module_48bit_V3.list
 
Finished building: main_module_48bit_V3.bin
 
21:54:16 **** Incremental Build of configuration Debug for project main_module_48bit_V3 ****
make -j8 all 
arm-none-eabi-size   main_module_48bit_V3.elf 
   text	   data	    bss	    dec	    hex	filename
  44416	  12930	  15016	  72362	  11aaa	main_module_48bit_V3.elf
Finished building: default.size.stdout
 
22:35:36 **** Incremental Build of configuration Debug for project main_module_48bit_V3 ****
make -j8 all 
arm-none-eabi-size   main_module_48bit_V3.elf 
   text	   data	    bss	    dec	    hex	filename
  44416	  12930	  15016	  72362	  11aaa	main_module_48bit_V3.elf
Finished building: default.size.stdout
 
