21:13:26 **** Incremental Build of configuration Debug for project mainboard_firmware ****
make -j8 all 
arm-none-eabi-gcc "../Core/Src/main.c" -mcpu=cortex-m7 -std=gnu11 -g3 -DDEBUG -DUSE_HAL_DRIVER -DSTM32H743xx -c -I../Core/Inc -I../Drivers/STM32H7xx_HAL_Driver/Inc -I../Drivers/STM32H7xx_HAL_Driver/Inc/Legacy -I../Drivers/CMSIS/Device/ST/STM32H7xx/Include -I../Drivers/CMSIS/Include -I../FATFS/Target -I../FATFS/App -I../Middlewares/Third_Party/FatFs/src -Ofast -ffunction-sections -fdata-sections -Wall -fstack-usage -MMD -MP -MF"Core/Src/main.d" -MT"Core/Src/main.o" --specs=nano.specs -mfpu=fpv5-d16 -mfloat-abi=hard -mthumb -o "Core/Src/main.o"
arm-none-eabi-gcc -o "mainboard_firmware.elf" @"objects.list"   -mcpu=cortex-m7 -T"C:\Users\kc\Desktop\nia-stm32-worksapce\mainboard_firmware\STM32H743ZGTX_FLASH.ld" --specs=nosys.specs -Wl,-Map="mainboard_firmware.map" -Wl,--gc-sections -static --specs=nano.specs -mfpu=fpv5-d16 -mfloat-abi=hard -mthumb -Wl,--start-group -lc -lm -Wl,--end-group
Finished building target: mainboard_firmware.elf
 
arm-none-eabi-size   mainboard_firmware.elf 
arm-none-eabi-objdump -h -S  mainboard_firmware.elf  > "mainboard_firmware.list"
arm-none-eabi-objcopy  -O binary  mainboard_firmware.elf  "mainboard_firmware.bin"
   text	   data	    bss	    dec	    hex	filename
  44368	  12930	  15016	  72314	  11a7a	mainboard_firmware.elf
Finished building: default.size.stdout
 
Finished building: mainboard_firmware.list
 
Finished building: mainboard_firmware.bin
 

21:13:29 Build Finished. 0 errors, 0 warnings. (took 2s.433ms)

